✔ TM-OVW-003 rejects absent, forged, expired, wrong-audience/issuer and other-owner JWTs (47.9934ms)
✔ TM-OVW-003 verifies real RS256 signature and owner; ignores spoofed email header (7.0059ms)
✔ TM-OVW-003 missing identity config fails closed before verification (2.933ms)
✔ TM-OVW-002 exposes absolute change and never divides by a zero baseline (5.957ms)
✔ TM-OVW-007 authorization runs before data access or cache; private response is no-store (5.7295ms)
✔ TM-OVW-006 repeated authorized reads share in-flight result; failure has no success/zero body (8.7082ms)
✔ TM-OVW-007 authorization wrapper preserves HTML and status while replacing cache headers (49.0256ms)
✔ TM-OVW-001 excludes today and returns adjacent complete Beijing 7-day periods (6.5915ms)
✔ TM-OVW-001 Beijing midnight, leap day and year boundary use complete days (1.1235ms)
✔ TM-OVW-001 seeded date property checks; seed=20261009, samples=256 (5.7454ms)
✔ TM-OVW-004 reads both periods, daily counts and ranked paths/sources under fixed site filters (44.1697ms)
✔ TM-OVW-004 valid empty aggregates are explicit zero, missing/partial/HTTP failures are not zero (8.3664ms)
ℹ tests 12
ℹ suites 0
ℹ pass 12
ℹ fail 0
ℹ cancelled 0
ℹ skipped 0
ℹ todo 0
ℹ duration_ms 411.7266
