
Running 144 tests using 1 worker



(node:15084) Warning: The 'NO_COLOR' env is ignored due to the 'FORCE_COLOR' env being set.
(Use `node --trace-warnings ...` to show where the warning was created)
[1/144] [chromium] › tests\e2e\accessibility.spec.js:25:1 › 正文链接在浅色和深色主题中都达到常规文字对比度
[2/144] [chromium] › tests\e2e\accessibility.spec.js:50:1 › 文章辅助信息在浅色和深色主题中都保持可读
[3/144] [chromium] › tests\e2e\accessibility.spec.js:67:1 › 键盘焦点有清晰指示，关注对话框带有完整说明
[4/144] [chromium] › tests\e2e\accessibility.spec.js:100:1 › 减少动态效果偏好会降低交互动效
[5/144] [chromium] › tests\e2e\accessibility.spec.js:110:1 › 深色作品页的按钮与标签保持 AA 对比度
[6/144] [chromium] › tests\e2e\accessibility.spec.js:130:1 › 首页主题切换使用语义化按钮，不输出 javascript 链接
[7/144] [chromium] › tests\e2e\admin-aliases.spec.js:4:3 › /admin/ registers the shared alias hook with the real pinned CMS
[8/144] [chromium] › tests\e2e\admin-aliases.spec.js:4:3 › /admin/sveltia/ registers the shared alias hook with the real pinned CMS
[9/144] [chromium] › tests\e2e\admin.spec.js:4:1 › 内容后台加载并提供受保护的 GitHub 登录入口
[10/144] [chromium] › tests\e2e\admin.spec.js:19:1 › 公开的后台配置固定使用 PR 发布工作流
[11/144] [chromium] › tests\e2e\admin.spec.js:29:1 › Sveltia 灰度后台复用受保护配置并提供 GitHub 登录入口
[12/144] [chromium] › tests\e2e\admin.spec.js:42:1 › Sveltia 可以安装为品牌化的 mantou 桌面应用
[13/144] [chromium] › tests\e2e\admin.spec.js:74:1 › Sveltia 主 CDN 失败后会改用固定版本的备用 CDN
[14/144] [chromium] › tests\e2e\admin.spec.js:86:1 › Sveltia 两个 CDN 都失败时显示可恢复提示
[15/144] [chromium] › tests\e2e\anchor-clearance.spec.js:4:3 › 1440px sticky navigation clears all three home shortcuts and article headings
[16/144] [chromium] › tests\e2e\anchor-clearance.spec.js:4:3 › 768px sticky navigation clears all three home shortcuts and article headings
[17/144] [chromium] › tests\e2e\anchor-clearance.spec.js:4:3 › 390px sticky navigation clears all three home shortcuts and article headings
[18/144] [chromium] › tests\e2e\article-archive.spec.js:16:1 › 文章页保留可读的上下文、正文索引和阅读路径
[19/144] [chromium] › tests\e2e\article-archive.spec.js:29:1 › 文章归档能按年份扫描并进入文章
[20/144] [chromium] › tests\e2e\bilingual.spec.js:3:1 › 语言切换在桌面与手机保留当前文章，中文地址不变
[21/144] [chromium] › tests\e2e\bilingual.spec.js:18:1 › 英文搜索只返回英文内容，订阅使用英文 Feed
[22/144] [chromium] › tests\e2e\bilingual.spec.js:31:1 › 分页归档切换语言保留页码和 SEO 地址
[23/144] [chromium] › tests\e2e\bilingual.spec.js:39:1 › 英文主要页面有正确语言与单一标题，移动布局不溢出
[24/144] [chromium] › tests\e2e\bilingual.spec.js:61:1 › 归档标题完整显示，作品正文无需越过整张图表
[25/144] [chromium] › tests\e2e\bilingual.spec.js:74:1 › 两种语言的 RSS 都包含全部文章与作品
[26/144] [chromium] › tests\e2e\bilingual.spec.js:98:1 › 统计入口指向需要登录的 Cloudflare 后台
[27/144] [chromium] › tests\e2e\comic-reading.spec.js:4:3 › 320px 首页首屏展示完整的推荐文章标题
[28/144] [chromium] › tests\e2e\comic-reading.spec.js:4:3 › 390px 首页首屏展示完整的推荐文章标题
[29/144] [chromium] › tests\e2e\comic-reading.spec.js:4:3 › 1366px 首页首屏展示完整的推荐文章标题
[30/144] [chromium] › tests\e2e\comic-reading.spec.js:13:3 › / 精选分类可切换并进入真实文章
[31/144] [chromium] › tests\e2e\comic-reading.spec.js:13:3 › /en/ 精选分类可切换并进入真实文章
[32/144] [chromium] › tests\e2e\comic-reading.spec.js:33:1 › 无 JavaScript 时所有精选文章仍可阅读
[33/144] [chromium] › tests\e2e\comic-reading.spec.js:44:1 › 桌面目录跳转后标题可见，手机保留可展开目录
[34/144] [chromium] › tests\e2e\comic-reading.spec.js:61:3 › / 投资系统退出当前方向但历史文章仍可访问
[35/144] [chromium] › tests\e2e\comic-reading.spec.js:61:3 › /en 投资系统退出当前方向但历史文章仍可访问
[36/144] [chromium] › tests\e2e\core-copy.spec.js:9:1 › 首页同时呈现最近更新、精选文章和实际工具
[37/144] [chromium] › tests\e2e\core-copy.spec.js:22:1 › 当前下注清单分别显示已完成复核与每周日复查计划
[38/144] [chromium] › tests\e2e\core-copy.spec.js:54:1 › 作品集使用作品自身摘要引导读者进入公开案例
[39/144] [chromium] › tests\e2e\core-copy.spec.js:69:1 › 关于页区分实践范围、公开证据和联系前提
[40/144] [chromium] › tests\e2e\core-copy.spec.js:88:1 › 关注页准确说明两种送达方式及第三方边界
[41/144] [chromium] › tests\e2e\dca.spec.js:44:1 › Weekly DCA uses known Sunday close references, fees, complete weeks and preserves separate monthly ranges
[42/144] [chromium] › tests\e2e\dca.spec.js:66:1 › Monthly calculation and independent compound zero/negative scenarios remain correct
[43/144] [chromium] › tests\e2e\dca.spec.js:76:1 › Maximum dollar price history starts in 2010 and retains early precision on a logarithmic chart
[44/144] [chromium] › tests\e2e\dca.spec.js:90:1 › Dollar price history failure and missing days preserve the snapshot for both USD views independently of USDT quotes
[45/144] [chromium] › tests\e2e\dca.spec.js:101:1 › Shared daily price revisions update USD DCA results and the chart while keeping period selections and the USDT quote
[46/144] [chromium] › tests\e2e\dca.spec.js:111:1 › A newly completed week extends the full-history end without changing a custom monthly range
[47/144] [chromium] › tests\e2e\dca.spec.js:120:1 › A narrow logarithmic price range retains readable numeric ticks, chart height and exact day prices
[48/144] [chromium] › tests\e2e\dca.spec.js:137:1 › DCA quote failure, stale response and recovery preserve honest states
[49/144] [chromium] › tests\e2e\dca.spec.js:146:2 › DCA validates deferred initial histories after offline recovery
[50/144] [chromium] › tests\e2e\dca.spec.js:146:2 › DCA validates deferred initial histories after hidden recovery
[51/144] [chromium] › tests\e2e\dca.spec.js:171:1 › DCA polls every minute and pauses while hidden
[52/144] [chromium] › tests\e2e\dca.spec.js:178:1 › Result-first mobile layout, all tabs, keyboard navigation and themes
[53/144] [chromium] › tests\e2e\dca.spec.js:193:1 › Compound weekly/monthly frequency uses effective annual return and independent inputs
[54/144] [chromium] › tests\e2e\dca.spec.js:207:1 › Quiet default presentation preserves important context and reveals graph details on demand
[55/144] [chromium] › tests\e2e\dca.spec.js:218:1 › Expanded price history immediately rotates portrait phones and preserves range, pointer selection, focus and scroll
[56/144] [chromium] › tests\e2e\dca.spec.js:285:1 › Browser fullscreen exit restores the same price chart and normal page controls
[57/144] [chromium] › tests\e2e\dca.spec.js:295:1 › A late fullscreen grant after closing cannot leave an empty fullscreen view
[58/144] [chromium] › tests\e2e\dca.spec.js:310:1 › Custom history ranges support exact valuation dates, touch and keyboard, retaining its selection on redraw
[59/144] [chromium] › tests\e2e\dca.spec.js:333:1 › Custom history uses an editable range with visible dates, independent recalculation and separate weekly/monthly custom spans
[60/144] [chromium] › tests\e2e\dca.spec.js:358:1 › Invalid custom history spans clear results, point readings and preset selection for both frequencies
[61/144] [chromium] › tests\e2e\dca.spec.js:372:1 › History validates a new UTC day automatically and extends only an end following the latest full week
[62/144] [chromium] › tests\e2e\dca.spec.js:378:1 › Online recovery during an active quote queues the shared history instead of losing it
[63/144] [chromium] › tests\e2e\dca.spec.js:385:1 › A slow valid history survives the old eight-second limit, and a publication lag stays visibly pending
[64/144] [chromium] › tests\e2e\dca.spec.js:392:1 › History provenance follows the derived stale state before its next source check
[65/144] [chromium] › tests\e2e\dca.spec.js:398:1 › Exact historical dates preserve the interval and count only complete weekly or monthly cycles
[66/144] [chromium] › tests\e2e\garden-layout.spec.js:12:1 › 1440px 顶部导航固定且不遮挡首页，跳转与深色主题可用
[67/144] [chromium] › tests\e2e\garden-layout.spec.js:58:1 › 390px 顶部导航滚动后仍可见，菜单可收起并保留搜索和语言入口
[68/144] [chromium] › tests\e2e\garden-layout.spec.js:92:3 › 390px 身份文章正文与导航无横向溢出
[69/144] [chromium] › tests\e2e\garden-layout.spec.js:92:3 › 820px 身份文章正文与导航无横向溢出
[70/144] [chromium] › tests\e2e\garden-layout.spec.js:92:3 › 1024px 身份文章正文与导航无横向溢出
[71/144] [chromium] › tests\e2e\garden-layout.spec.js:92:3 › 1025px 身份文章正文与导航无横向溢出
[72/144] [chromium] › tests\e2e\garden-layout.spec.js:92:3 › 1440px 身份文章正文与导航无横向溢出
[73/144] [chromium] › tests\e2e\garden-layout.spec.js:132:1 › 旧固定样式缓存不会覆盖新版身份样式
[74/144] [chromium] › tests\e2e\homepage-display.spec.js:4:3 › 首页在 1366px 同时提供文章与作品的实质入口
[75/144] [chromium] › tests\e2e\homepage-display.spec.js:4:3 › 首页在 390px 同时提供文章与作品的实质入口
[76/144] [chromium] › tests\e2e\navigation.spec.js:16:1 › 主导航提供文章、作品、近况与关于路径
[77/144] [chromium] › tests\e2e\navigation.spec.js:27:1 › 分类总览说明内容归属并提供当前公开状态入口
[78/144] [chromium] › tests\e2e\navigation.spec.js:39:1 › 移动端导航保留语义化主导航与当前页状态
[79/144] [chromium] › tests\e2e\offline-reliability.spec.js:119:1 › 已缓存正文经历 200 → 503 → 断网仍可阅读
[80/144] [chromium] › tests\e2e\offline-reliability.spec.js:141:1 › 未缓存页面的 503 按语言回退，错误内容不入缓存
[81/144] [chromium] › tests\e2e\offline-reliability.spec.js:157:1 › 网络挂起时在有界等待后回退正文或对应语言离线页
[82/144] [chromium] › tests\e2e\offline-reliability.spec.js:175:1 › 静态资源后台刷新不以 503 覆盖成功版本，恢复后可更新
[83/144] [chromium] › tests\e2e\offline-reliability.spec.js:192:1 › 激活只清理本站旧版本，保留同源其他应用缓存
[84/144] [chromium] › tests\e2e\portfolio.spec.js:27:1 › 访客能从首页进入工具、目录与证据
[85/144] [chromium] › tests\e2e\portfolio.spec.js:52:1 › 身体作品展示真实阶段证据与缺失周
[86/144] [chromium] › tests\e2e\portfolio.spec.js:77:1 › 核心页面没有浏览器运行时错误
[87/144] [chromium] › tests\e2e\portfolio.spec.js:91:1 › 作品集中的每个公开作品都能完成浏览器验收
[88/144] [chromium] › tests\e2e\portfolio.spec.js:129:1 › 核心页面在桌面、平板和手机宽度下不产生横向溢出
[89/144] [chromium] › tests\e2e\portfolio.spec.js:153:1 › 平板宽度下的长标题与说明保持分行且可读
[90/144] [chromium] › tests\e2e\portfolio.spec.js:176:1 › 核心页面保留基础语义与 SEO 信息
[91/144] [chromium] › tests\e2e\portfolio.spec.js:187:1 › 主题切换会写入本地状态并在刷新后保留
[92/144] [chromium] › tests\e2e\portfolio.spec.js:201:1 › 手机导航可以展开并进入作品集
[93/144] [chromium] › tests\e2e\portfolio.spec.js:212:1 › 手机导航向键盘与辅助技术暴露真实状态
[94/144] [chromium] › tests\e2e\portfolio.spec.js:234:1 › 作品卡入口完整可见，作品型页面跨主题断点保持连续宽度
[95/144] [chromium] › tests\e2e\portfolio.spec.js:269:1 › 文章分享地址使用短英文路径且旧中文地址继续跳转
[96/144] [chromium] › tests\e2e\portfolio.spec.js:282:1 › 访客可以从首页一键打开关注入口并继续使用 RSS
[97/144] [chromium] › tests\e2e\portfolio.spec.js:308:1 › 关注页、文章和作品结尾都提供可发现的关注路径
[98/144] [chromium] › tests\e2e\portfolio.spec.js:329:1 › 中文搜索可以找到并打开公开作品
[99/144] [chromium] › tests\e2e\portfolio.spec.js:345:1 › 搜索关键词能通过网址分享，并在返回搜索页时恢复
[100/144] [chromium] › tests\e2e\portfolio.spec.js:371:1 › 非生产域名不会加载 Cloudflare 统计脚本
[101/144] [chromium] › tests\e2e\pwa-install.spec.js:34:1 › Android Chrome has a visible mobile install entry and menu fallback
[102/144] [chromium] › tests\e2e\pwa-install.spec.js:52:1 › an eligible Android click invokes only the captured native prompt
[103/144] [chromium] › tests\e2e\pwa-install.spec.js:63:1 › dismissal keeps a usable manual guide without replaying the consumed prompt
[104/144] [chromium] › tests\e2e\pwa-install.spec.js:76:1 › iPhone receives Safari instructions instead of an unavailable native prompt
[105/144] [chromium] › tests\e2e\pwa-install.spec.js:85:1 › embedded browsers receive a clean public link and browser instructions
[106/144] [chromium] › tests\e2e\pwa-install.spec.js:98:1 › standalone apps do not display redundant install controls
[107/144] [chromium] › tests\e2e\pwa-install.spec.js:104:1 › unsupported dialog elements stay closed and can open and close the fallback
[108/144] [chromium] › tests\e2e\pwa-install.spec.js:128:1 › actual HTTP redirects in cached offline pages still produce bilingual fallback
[109/144] [chromium] › tests\e2e\pwa.spec.js:13:1 › 已访问作品断网可读，未访问路径显示离线说明
[110/144] [chromium] › tests\e2e\pwa.spec.js:38:1 › 所有后台入口和配置都不进入 PWA 缓存
[111/144] [chromium] › tests\e2e\reader-audit.spec.js:14:3 › 订阅说明标题在两主题中清晰可见 /zh
[112/144] [chromium] › tests\e2e\reader-audit.spec.js:29:3 › 文章锚点和反馈跳转后可明确回到文章列表 /zh
[113/144] [chromium] › tests\e2e\reader-audit.spec.js:48:3 › 首页作品保留首发日期并显示真实更新 /zh
[114/144] [chromium] › tests\e2e\reader-audit.spec.js:62:3 › 搜索结果含类型和首发日期并保留章节链接 /zh
[115/144] [chromium] › tests\e2e\reader-audit.spec.js:14:3 › 订阅说明标题在两主题中清晰可见 /en
[116/144] [chromium] › tests\e2e\reader-audit.spec.js:29:3 › 文章锚点和反馈跳转后可明确回到文章列表 /en
[117/144] [chromium] › tests\e2e\reader-audit.spec.js:48:3 › 首页作品保留首发日期并显示真实更新 /en
[118/144] [chromium] › tests\e2e\reader-audit.spec.js:62:3 › 搜索结果含类型和首发日期并保留章节链接 /en
[119/144] [chromium] › tests\e2e\reader-audit.spec.js:79:1 › 旧文分类与作品集名称区分且原分类 URL 保持不变
[120/144] [chromium] › tests\e2e\reader-entrypoints.spec.js:4:3 › 首页在 1366px 读完精选后能直达最近更新
[121/144] [chromium] › tests\e2e\reader-entrypoints.spec.js:4:3 › 首页在 390px 读完精选后能直达最近更新
[122/144] [chromium] › tests\e2e\reader-entrypoints.spec.js:20:1 › 英文关注页先展示可用的 RSS，中文页先展示邮箱
[123/144] [chromium] › tests\e2e\reader-entrypoints.spec.js:30:1 › 英文工具入口明确标注中文界面，短图文不显示零分钟
[124/144] [chromium] › tests\e2e\reader-feedback.spec.js:75:3 › 真实照片在 1366px 加载并能进入来源文章
[125/144] [chromium] › tests\e2e\reader-feedback.spec.js:75:3 › 真实照片在 390px 加载并能进入来源文章
[126/144] [chromium] › tests\e2e\reader-feedback.spec.js:97:1 › 未配置服务时提供真实邮件反馈，不展示点赞或评论计数
[127/144] [chromium] › tests\e2e\reader-feedback.spec.js:119:1 › 评论按需加载，键盘点赞与取消都读回服务端总数
[128/144] [chromium] › tests\e2e\reader-feedback.spec.js:147:1 › 服务故障可重试，点赞保存失败不显示成功
[129/144] [chromium] › tests\e2e\reader-feedback.spec.js:170:1 › 无需登录和邮箱即可提交，服务拒绝时保留留言草稿
[130/144] [chromium] › tests\e2e\reader-feedback.spec.js:188:1 › TM-019：异步 UA 准备、连续点击和快捷键共用一次提交锁
[131/144] [chromium] › tests\e2e\reader-feedback.spec.js:236:3 › TM-024：CSS 明确加载失败后保留正文邮件，恢复后可显式重试
[132/144] [chromium] › tests\e2e\reader-feedback.spec.js:236:3 › TM-024：JS 明确加载失败后保留正文邮件，恢复后可显式重试
[133/144] [chromium] › tests\e2e\release-audit.spec.js:3:1 › 移动导航按钮满足 WCAG 最低触控尺寸
[134/144] [chromium] › tests\e2e\release-audit.spec.js:22:1 › 内容后台不会被搜索引擎索引
[135/144] [chromium] › tests\e2e\release-audit.spec.js:31:1 › 未启用的媒体运行时不会进入生产页面
[136/144] [chromium] › tests\e2e\release-audit.spec.js:39:1 › 文章图片使用浏览器原生懒加载并保留固有尺寸
[137/144] [chromium] › tests\e2e\release-audit.spec.js:52:1 › 文章视频使用可复用的响应式播放器
[138/144] [chromium] › tests\e2e\social-seo.spec.js:14:1 › 核心公开页输出唯一、绝对且可索引的社交与搜索元数据
[139/144] [chromium] › tests\e2e\social-seo.spec.js:65:1 › 未手写摘要的文章输出自身内容摘要，而非站点通用文案
[140/144] [chromium] › tests\e2e\social-seo.spec.js:72:1 › 纯图片文章保留编辑摘要与有意义的替代文本
[141/144] [chromium] › tests\e2e\social-seo.spec.js:78:1 › 尚无页面特色图时，所有核心页回退到同一稳定站点预览图
[142/144] [chromium] › tests\e2e\social-seo.spec.js:90:1 › 归档分页使用自己的 canonical 和 Open Graph 地址
(node:20320) Warning: The 'NO_COLOR' env is ignored due to the 'FORCE_COLOR' env being set.
(Use `node --trace-warnings ...` to show where the warning was created)


[143/144] [chromium] › tests\e2e\admin-mobile.spec.js:9:3 › Decap 后台在真实移动设备参数下可触控且不横向溢出
[144/144] [chromium] › tests\e2e\admin-mobile.spec.js:9:3 › Sveltia 后台在真实移动设备参数下可触控且不横向溢出
  144 passed (3.9m)
