✖ TM-OVW-007 actual Wrangler output is an advanced-mode module directory, not a multipart upload body (1659.1797ms)
ℹ tests 1
ℹ suites 0
ℹ pass 0
ℹ fail 1
ℹ cancelled 0
ℹ skipped 0
ℹ todo 0
ℹ duration_ms 1793.9929

✖ failing tests:

test at tests\overview\bundle.test.mjs:8:1
✖ TM-OVW-007 actual Wrangler output is an advanced-mode module directory, not a multipart upload body (1659.1797ms)
  AssertionError [ERR_ASSERTION]: Deployment/runtime needs module directory; --outfile emitted a multipart body
      at TestContext.<anonymous> (file:///D:/mx/github/Maoxin1/mantou-blog-analytics-overview/tests/overview/bundle.test.mjs:18:12)
      at Test.runInAsyncScope (node:async_hooks:227:14)
      at Test.run (node:internal/test_runner/test:1325:25)
      at Test.start (node:internal/test_runner/test:1191:17)
      at startSubtestAfterBootstrap (node:internal/test_runner/harness:385:17) {
    generatedMessage: false,
    code: 'ERR_ASSERTION',
    actual: false,
    expected: true,
    operator: '==',
    diff: 'simple'
  }
