✖ TM-OVW-002 exposes absolute change and never divides by a zero baseline (3.8443ms)
ℹ tests 1
ℹ suites 0
ℹ pass 0
ℹ fail 1
ℹ cancelled 0
ℹ skipped 0
ℹ todo 0
ℹ duration_ms 169.8105

✖ failing tests:

test at tests\overview\change.test.mjs:5:1
✖ TM-OVW-002 exposes absolute change and never divides by a zero baseline (3.8443ms)
  AssertionError [ERR_ASSERTION]: Expected values to be strictly deep-equal:
  + actual - expected
  
  + null
  - {
  -   absolute: 26,
  -   percent: null,
  -   zeroBaseline: true
  - }
  
      at TestContext.<anonymous> (file:///D:/mx/github/Maoxin1/mantou-blog-analytics-overview/tests/overview/change.test.mjs:6:10)
      at Test.runInAsyncScope (node:async_hooks:227:14)
      at Test.run (node:internal/test_runner/test:1325:25)
      at Test.start (node:internal/test_runner/test:1191:17)
      at startSubtestAfterBootstrap (node:internal/test_runner/harness:385:17) {
    generatedMessage: true,
    code: 'ERR_ASSERTION',
    actual: null,
    expected: { absolute: 26, percent: null, zeroBaseline: true },
    operator: 'deepStrictEqual',
    diff: 'simple'
  }
