✖ TM-OVW-007 backend is compiled into the credential-free verified artifact before packaging (1.7415ms)
ℹ tests 1
ℹ suites 0
ℹ pass 0
ℹ fail 1
ℹ cancelled 0
ℹ skipped 0
ℹ todo 0
ℹ duration_ms 112.621

✖ failing tests:

test at tests\overview\deploy.test.mjs:4:1
✖ TM-OVW-007 backend is compiled into the credential-free verified artifact before packaging (1.7415ms)
  AssertionError [ERR_ASSERTION]: Private backend must be bundled with the verified build
      at TestContext.<anonymous> (file:///D:/mx/github/Maoxin1/mantou-blog-analytics-overview/tests/overview/deploy.test.mjs:7:10)
      at Test.runInAsyncScope (node:async_hooks:227:14)
      at Test.run (node:internal/test_runner/test:1325:25)
      at Test.start (node:internal/test_runner/test:1191:17)
      at startSubtestAfterBootstrap (node:internal/test_runner/harness:385:17) {
    generatedMessage: false,
    code: 'ERR_ASSERTION',
    actual: false,
    expected: true,
    operator: '==',
    diff: 'simple'
  }
