✖ TM-OVW-007 authorization wrapper preserves HTML and status while replacing cache headers (43.8229ms)
ℹ tests 1
ℹ suites 0
ℹ pass 0
ℹ fail 1
ℹ cancelled 0
ℹ skipped 0
ℹ todo 0
ℹ duration_ms 195.7605

✖ failing tests:

test at tests\overview\middleware.test.mjs:4:1
✖ TM-OVW-007 authorization wrapper preserves HTML and status while replacing cache headers (43.8229ms)
  AssertionError [ERR_ASSERTION]: Expected values to be strictly equal:
  + actual - expected
  
  + '[object Response]'
  - '<h1>网站数据</h1>'
  
      at TestContext.<anonymous> (file:///D:/mx/github/Maoxin1/mantou-blog-analytics-overview/tests/overview/middleware.test.mjs:6:10)
      at async Test.run (node:internal/test_runner/test:1332:7)
      at async startSubtestAfterBootstrap (node:internal/test_runner/harness:385:3) {
    generatedMessage: true,
    code: 'ERR_ASSERTION',
    actual: '[object Response]',
    expected: '<h1>网站数据</h1>',
    operator: 'strictEqual',
    diff: 'simple'
  }
