
> mantou-blog@1.0.0 test:feedback
> node --experimental-vm-modules --test tests/node/*.test.cjs

✔ BTC dollar history covers every UTC day from July 2010 through the latest closed day (38.6372ms)
✔ BTC dollar history rejects gaps, duplicates, shortened coverage, pagination and current-day prices (62.1889ms)
✔ BTC dollar history rejects invalid prices, assets and non-daily timestamps (26.6108ms)
✔ a one-day publication lag can be used explicitly without marking old data current or allowing gaps (50.9542ms)
✔ compound monthly: zero returns preserve all contributions (4.0468ms)
✔ compound monthly: effective annual returns remain 5% without additions (1.8582ms)
✔ compound monthly: positive and negative returns match an ordinary annuity (2.4398ms)
✔ compound weekly: zero returns preserve all contributions (0.3708ms)
✔ compound weekly: effective annual returns remain 5% without additions (0.3378ms)
✔ compound weekly: positive and negative returns match an ordinary annuity (1.7798ms)
✔ compound accepts boundary inputs and preserves a zero balance (3.3739ms)
✔ compound rejects out-of-range, fractional-year, nonnumeric and invalid-frequency inputs (2.3701ms)
✔ USD reference DCA covers the earliest complete 2010 week/month through the last complete periods (54.7499ms)
✔ DCA buys only the previously known close and values at the end of each full period (1.6911ms)
✔ Reference calendar handles leap February, year rollover and incomplete first/last periods (3.1613ms)
✔ Invalid, missing, duplicate or reordered daily prices cannot enter a reference backtest (1.9257ms)
✔ DCA monthly history covers the source maximum and rejects gaps or incomplete coverage (13.225ms)
✔ DCA weekly history covers the source maximum and rejects gaps or incomplete coverage (15.5802ms)
✔ DCA quote validates symbol, time, price and freshness (2.131ms)
✔ initial offline visit labels both USD snapshots and validates once after online recovery (14.4375ms)
✔ initial hidden visit completes deferred histories when visible, including online while hidden (3.8207ms)
✔ ordinary failures finish the initial attempt and do not refetch histories every minute (5.735ms)
✔ repeated recovery events cannot overlap requests or create duplicate polling intervals (3.9276ms)
✔ online recovery during a quote-only request queues exactly one history validation (3.8212ms)
✔ a new UTC day validates history once when visible and when returning from background (3.7447ms)
✔ failed history has one bounded automatic retry, then needs a new day or an explicit request (3.3548ms)
✔ TM-002 characterization: empty serverURL builds article and mail without Waline entry points (7244.053ms)
(node:17964) ExperimentalWarning: VM Modules is an experimental feature and might change at any time
(Use `node --trace-warnings ...` to show where the warning was created)
✔ comments-only Chinese: no reaction dependency or writer, guest nickname only required (72.0751ms)
✔ comments-only English: no reaction dependency or writer, guest nickname only required (20.3059ms)
✔ comments-only: failed comment load remains retryable without trying counters (25.9024ms)
(node:19912) ExperimentalWarning: VM Modules is an experimental feature and might change at any time
(Use `node --trace-warnings ...` to show where the warning was created)
✔ TM-003 characterization: unconfigured feedback never loads assets or requests a service (38.2639ms)
✔ TM-003 characterization: repeated opening during resource and API loading or after success initializes once (52.1053ms)
✔ TM-024 positive control: a non-empty valid page still initializes with the configured article and language (19.15ms)
✔ TM-024 HTTP positive control: native Response 200 with errno 0 initializes once (19.3395ms)
✔ TM-024 HTTP regression: native Response 503 with errno 0 from /api/comment fails and recovers explicitly (20.7163ms)
✔ TM-024 HTTP regression: native Response 503 with errno 0 from /api/article fails and recovers explicitly (23.3005ms)
✔ TM-024 characterization: explicit CSS failure preserves article/mail and supports explicit recovery (19.6771ms)
✔ TM-024 characterization: explicit JS failure preserves article/mail and supports explicit recovery (28.2329ms)
✔ TM-024 characterization: zh errno 503 reports failure and recovers explicitly (20.0282ms)
✔ TM-024 characterization: zh rejected fetch (DNS/CORS-shaped) reports failure and recovers explicitly (22.294ms)
✔ TM-024 characterization: zh invalid JSON reports failure and recovers explicitly (41.4876ms)
✔ TM-024 characterization: zh missing response envelope data reports failure and recovers explicitly (36.8435ms)
✔ TM-024 characterization: zh missing comment data reports failure and recovers explicitly (34.7414ms)
✔ TM-024 characterization: zh non-array comment data reports failure and recovers explicitly (37.7335ms)
✔ TM-024 characterization: zh string comment count reports failure and recovers explicitly (34.3193ms)
✔ TM-024 characterization: zh invalid counter shape reports failure and recovers explicitly (32.7347ms)
✔ TM-024 characterization: en errno 503 reports failure and recovers explicitly (36.0114ms)
✔ TM-024 characterization: en rejected fetch (DNS/CORS-shaped) reports failure and recovers explicitly (28.3249ms)
✔ TM-024 characterization: en invalid JSON reports failure and recovers explicitly (30.6372ms)
✔ TM-024 characterization: en missing response envelope data reports failure and recovers explicitly (20.3079ms)
✔ TM-024 characterization: en missing comment data reports failure and recovers explicitly (21.4788ms)
✔ TM-024 characterization: en non-array comment data reports failure and recovers explicitly (19.9108ms)
✔ TM-024 characterization: en string comment count reports failure and recovers explicitly (22.2757ms)
✔ TM-024 characterization: en invalid counter shape reports failure and recovers explicitly (24.534ms)
✔ TM-024 schema regression: negative count must fail before initialization and recover explicitly (22.2177ms)
✔ TM-024 schema regression: fractional count must fail before initialization and recover explicitly (26.1879ms)
✔ TM-024 schema regression: missing page must fail before initialization and recover explicitly (21.0376ms)
✔ TM-024 schema regression: missing pageSize must fail before initialization and recover explicitly (24.2945ms)
✔ TM-024 schema regression: missing totalPages must fail before initialization and recover explicitly (21.2242ms)
✔ TM-024 schema regression: invalid page must fail before initialization and recover explicitly (22.781ms)
✔ TM-024 schema regression: invalid pageSize must fail before initialization and recover explicitly (21.757ms)
✔ TM-024 schema regression: invalid totalPages must fail before initialization and recover explicitly (20.8472ms)
✔ TM-003/TM-024 generated short open/fail/retry sequences preserve independent content and initialize at most once (8539.9762ms)
ℹ Generator v1 seed=20261005; samples=100; maximum attempts=4; maximum repeated opens=4; elapsed_ms=3568; stopped at sample cap; no counterexample
ℹ Generator v1 seed=20261006; samples=100; maximum attempts=4; maximum repeated opens=4; elapsed_ms=3163; stopped at sample cap; no counterexample
ℹ Generator v1 seed=20261007; samples=100; maximum attempts=4; maximum repeated opens=4; elapsed_ms=1808; stopped at sample cap; no counterexample
✔ TM-024 browser-counterexample replay: failed module URL needs a new explicit import key (18.6287ms)
✔ TM-024: API failure after a successful import reuses the successful module key (16.7876ms)
✔ TM-005 characterization: definite mock rejection retains draft and shows exact response (8.7602ms)
✔ TM-019: double click plus Ctrl/Meta+Enter during userAgent preparation sends once (4.1319ms)
✔ TM-019: missing nickname releases the lock without POST (4.3111ms)
✔ TM-019: invalid email releases the lock without POST (8.6869ms)
✔ TM-019: empty draft releases the lock without POST (3.35ms)
✔ TM-019: invalid word count releases the lock without POST (3.757ms)
✔ TM-019: forced login without a token releases the lock without POST (3.6934ms)
✔ TM-019: userAgent rejection releases the operation and preserves draft (5.0884ms)
✔ TM-019: known mock response holds the lock through completion and then allows next operation (3.9313ms)
✔ TM-019/TM-005 deterministic sequence property: seed=20261005, cases=100 (324.953ms)
✔ TM-019/TM-005 deterministic sequence property: seed=20261006, cases=100 (331.8208ms)
✔ TM-019/TM-005 deterministic sequence property: seed=20261007, cases=100 (295.3258ms)
✔ TM-005 adversarial: missing errmsg, zh-CN, preserves rejected draft without a success event (4.1728ms)
✔ TM-005 adversarial: missing errmsg, en-US, preserves rejected draft without a success event (2.7297ms)
✔ TM-005 adversarial: empty errmsg, zh-CN, preserves rejected draft without a success event (2.804ms)
✔ TM-005 adversarial: empty errmsg, en-US, preserves rejected draft without a success event (3.1686ms)
✔ TM-019 adversarial UA non-Error rejection: null, zh-CN (3.241ms)
✔ TM-019 adversarial UA non-Error rejection: null, en-US (2.8581ms)
✔ TM-019 adversarial UA non-Error rejection: undefined, zh-CN (2.8346ms)
✔ TM-019 adversarial UA non-Error rejection: undefined, en-US (2.8092ms)
✔ TM-019 adversarial UA non-Error rejection: UA preparation unavailable, zh-CN (2.8404ms)
✔ TM-019 adversarial UA non-Error rejection: UA preparation unavailable, en-US (3.1387ms)
✔ Waline patch reproduces exactly from the hash-locked official 3.15.2 bundle (15.5014ms)
ℹ tests 88
ℹ suites 0
ℹ pass 88
ℹ fail 0
ℹ cancelled 0
ℹ skipped 0
ℹ todo 0
ℹ duration_ms 9790.7541
