
> mantou-blog@1.0.0 test:overview
> node --test tests/overview/*.test.mjs

✔ TM-OVW-003 rejects absent, forged, expired, wrong-audience/issuer and other-owner JWTs (41.4708ms)
✔ TM-OVW-003 verifies real RS256 signature and owner; ignores spoofed email header (7.8855ms)
✔ TM-OVW-003 missing identity config fails closed before verification (4.0095ms)
✔ TM-OVW-002 exposes absolute change and never divides by a zero baseline (5.8467ms)
✔ TM-OVW-007 backend is compiled into the credential-free verified artifact before packaging (2.2528ms)
✔ TM-OVW-007 authorization runs before data access or cache; private response is no-store (4.8289ms)
✔ TM-OVW-006 repeated authorized reads share in-flight result; failure has no success/zero body (8.9419ms)
✔ TM-OVW-007 authorization wrapper preserves HTML and status while replacing cache headers (48.815ms)
✔ TM-OVW-001 excludes today and returns adjacent complete Beijing 7-day periods (5.3431ms)
✔ TM-OVW-001 Beijing midnight, leap day and year boundary use complete days (0.8335ms)
✔ TM-OVW-001 seeded date property checks; seed=20261009, samples=256 (5.0165ms)
✔ TM-OVW-004 reads both periods, daily counts and ranked paths/sources under fixed site filters (47.2851ms)
✔ TM-OVW-004 valid empty aggregates are explicit zero, missing/partial/HTTP failures are not zero (5.7419ms)
ℹ tests 13
ℹ suites 0
ℹ pass 13
ℹ fail 0
ℹ cancelled 0
ℹ skipped 0
ℹ todo 0
ℹ duration_ms 416.2768
