
> mantou-blog@1.0.0 test:overview
> node --test tests/overview/*.test.mjs

✔ TM-OVW-003 rejects absent, forged, expired, wrong-audience/issuer and other-owner JWTs (63.4226ms)
✔ TM-OVW-003 verifies real RS256 signature and owner; ignores spoofed email header (10.9637ms)
✔ TM-OVW-003 missing identity config fails closed before verification (5.4848ms)
✔ TM-OVW-007 actual Wrangler output is an advanced-mode module directory, not a multipart upload body (1438.1643ms)
✔ TM-OVW-002 exposes absolute change and never divides by a zero baseline (5.4402ms)
✔ TM-OVW-007 backend is compiled into the credential-free verified artifact before packaging (5.4447ms)
✔ TM-OVW-007 authorization runs before data access or cache; private response is no-store (6.6566ms)
✔ TM-OVW-006 repeated authorized reads share in-flight result; failure has no success/zero body (14.3635ms)
✔ TM-OVW-007 authorization wrapper preserves HTML and status while replacing cache headers (70.2949ms)
✔ TM-OVW-001 excludes today and returns adjacent complete Beijing 7-day periods (10.708ms)
✔ TM-OVW-001 Beijing midnight, leap day and year boundary use complete days (1.323ms)
✔ TM-OVW-001 seeded date property checks; seed=20261009, samples=256 (6.0652ms)
✔ TM-OVW-004 reads both periods, daily counts and ranked paths/sources under fixed site filters (64.0804ms)
✔ TM-OVW-004 valid empty aggregates are explicit zero, missing/partial/HTTP failures are not zero (8.9688ms)
ℹ tests 14
ℹ suites 0
ℹ pass 14
ℹ fail 0
ℹ cancelled 0
ℹ skipped 0
ℹ todo 0
ℹ duration_ms 1618.7235
