✖ TM-OVW-001 excludes today and returns adjacent complete Beijing 7-day periods (5.1345ms)
ℹ tests 1
ℹ suites 0
ℹ pass 0
ℹ fail 1
ℹ cancelled 0
ℹ skipped 0
ℹ todo 0
ℹ duration_ms 141.0269

✖ failing tests:

test at tests\overview\periods.test.mjs:5:1
✖ TM-OVW-001 excludes today and returns adjacent complete Beijing 7-day periods (5.1345ms)
  AssertionError [ERR_ASSERTION]: Expected values to be strictly deep-equal:
  + actual - expected
  
  + null
  - {
  -   current: {
  -     from: '2026-10-01T16:00:00.000Z',
  -     to: '2026-10-08T16:00:00.000Z'
  -   },
  -   previous: {
  -     from: '2026-09-24T16:00:00.000Z',
  -     to: '2026-10-01T16:00:00.000Z'
  -   },
  -   timezone: 'Asia/Shanghai'
  - }
  
      at TestContext.<anonymous> (file:///D:/mx/github/Maoxin1/mantou-blog-analytics-overview/tests/overview/periods.test.mjs:6:10)
      at Test.runInAsyncScope (node:async_hooks:227:14)
      at Test.run (node:internal/test_runner/test:1325:25)
      at Test.start (node:internal/test_runner/test:1191:17)
      at startSubtestAfterBootstrap (node:internal/test_runner/harness:385:17) {
    generatedMessage: true,
    code: 'ERR_ASSERTION',
    actual: null,
    expected: { current: { from: '2026-10-01T16:00:00.000Z', to: '2026-10-08T16:00:00.000Z' }, previous: { from: '2026-09-24T16:00:00.000Z', to: '2026-10-01T16:00:00.000Z' }, timezone: 'Asia/Shanghai' },
    operator: 'deepStrictEqual',
    diff: 'simple'
  }
