✖ TM-OVW-004 reads both periods, daily counts and ranked paths/sources under fixed site filters (1.636ms)
✖ TM-OVW-004 valid empty aggregates are explicit zero, missing/partial/HTTP failures are not zero (0.5943ms)
ℹ tests 2
ℹ suites 0
ℹ pass 0
ℹ fail 2
ℹ cancelled 0
ℹ skipped 0
ℹ todo 0
ℹ duration_ms 172.0416

✖ failing tests:

test at tests\overview\provider.test.mjs:25:1
✖ TM-OVW-004 reads both periods, daily counts and ranked paths/sources under fixed site filters (1.636ms)
  TypeError: Cannot read properties of undefined (reading 'pv')
      at TestContext.<anonymous> (file:///D:/mx/github/Maoxin1/mantou-blog-analytics-overview/tests/overview/provider.test.mjs:27:31)
      at async Test.run (node:internal/test_runner/test:1332:7)
      at async startSubtestAfterBootstrap (node:internal/test_runner/harness:385:3)

test at tests\overview\provider.test.mjs:35:1
✖ TM-OVW-004 valid empty aggregates are explicit zero, missing/partial/HTTP failures are not zero (0.5943ms)
  TypeError: Cannot read properties of undefined (reading 'pv')
      at TestContext.<anonymous> (file:///D:/mx/github/Maoxin1/mantou-blog-analytics-overview/tests/overview/provider.test.mjs:39:75)
      at async Test.run (node:internal/test_runner/test:1332:7)
      at async Test.processPendingSubtests (node:internal/test_runner/test:911:7)
