✖ TM-ANL-028 manual E2E rebuilds stale output before launching browser checks (3664.3291ms)
✖ TM-ANL-028 failed rebuild stops E2E rather than testing the old artifact (2796.2255ms)
ℹ tests 2
ℹ suites 0
ℹ pass 0
ℹ fail 2
ℹ cancelled 0
ℹ skipped 0
ℹ todo 0
ℹ duration_ms 6626.9381

✖ failing tests:

test at tests\analytics\analytics-runner.test.cjs:58:1
✖ TM-ANL-028 manual E2E rebuilds stale output before launching browser checks (3664.3291ms)
  AssertionError [ERR_ASSERTION]: Expected values to be strictly deep-equal:
  + actual - expected
  
    [
  -   'build',
      'browser'
    ]
  
      at TestContext.<anonymous> (D:\mx\github\Maoxin1\mantou-blog-monitoring-plan\tests\analytics\analytics-runner.test.cjs:61:10)
      at Test.runInAsyncScope (node:async_hooks:227:14)
      at Test.run (node:internal/test_runner/test:1325:25)
      at Test.start (node:internal/test_runner/test:1191:17)
      at startSubtestAfterBootstrap (node:internal/test_runner/harness:385:17) {
    generatedMessage: true,
    code: 'ERR_ASSERTION',
    actual: [ 'browser' ],
    expected: [ 'build', 'browser' ],
    operator: 'deepStrictEqual',
    diff: 'simple'
  }

test at tests\analytics\analytics-runner.test.cjs:66:1
✖ TM-ANL-028 failed rebuild stops E2E rather than testing the old artifact (2796.2255ms)
  AssertionError [ERR_ASSERTION]: A build failure must stop the runner.
      at TestContext.<anonymous> (D:\mx\github\Maoxin1\mantou-blog-monitoring-plan\tests\analytics\analytics-runner.test.cjs:68:10)
      at Test.runInAsyncScope (node:async_hooks:227:14)
      at Test.run (node:internal/test_runner/test:1325:25)
      at Test.processPendingSubtests (node:internal/test_runner/test:911:18)
      at Test.postRun (node:internal/test_runner/test:1465:19)
      at Test.run (node:internal/test_runner/test:1390:12)
      at async startSubtestAfterBootstrap (node:internal/test_runner/harness:385:3) {
    generatedMessage: false,
    code: 'ERR_ASSERTION',
    actual: 0,
    expected: 0,
    operator: 'notStrictEqual',
    diff: 'simple'
  }
