
> mantou-blog@1.0.0 test:feedback
> node --experimental-vm-modules --test tests/node/*.test.cjs

✔ TM-002 characterization: empty serverURL builds article and mail without Waline entry points (8015.8731ms)
(node:12580) ExperimentalWarning: VM Modules is an experimental feature and might change at any time
(Use `node --trace-warnings ...` to show where the warning was created)
✔ comments-only Chinese: no reaction dependency or writer, guest nickname only required (70.5054ms)
✔ comments-only English: no reaction dependency or writer, guest nickname only required (27.4331ms)
✔ comments-only: failed comment load remains retryable without trying counters (23.8982ms)
(node:25692) ExperimentalWarning: VM Modules is an experimental feature and might change at any time
(Use `node --trace-warnings ...` to show where the warning was created)
✔ TM-003 characterization: unconfigured feedback never loads assets or requests a service (34.6917ms)
✔ TM-003 characterization: repeated opening during resource and API loading or after success initializes once (66.5767ms)
✔ TM-024 positive control: a non-empty valid page still initializes with the configured article and language (22.3118ms)
✔ TM-024 HTTP positive control: native Response 200 with errno 0 initializes once (19.4488ms)
✔ TM-024 HTTP regression: native Response 503 with errno 0 from /api/comment fails and recovers explicitly (26.278ms)
✔ TM-024 HTTP regression: native Response 503 with errno 0 from /api/article fails and recovers explicitly (24.0692ms)
✔ TM-024 characterization: explicit CSS failure preserves article/mail and supports explicit recovery (19.997ms)
✔ TM-024 characterization: explicit JS failure preserves article/mail and supports explicit recovery (21.856ms)
✔ TM-024 characterization: zh errno 503 reports failure and recovers explicitly (19.6815ms)
✔ TM-024 characterization: zh rejected fetch (DNS/CORS-shaped) reports failure and recovers explicitly (24.501ms)
✔ TM-024 characterization: zh invalid JSON reports failure and recovers explicitly (37.9623ms)
✔ TM-024 characterization: zh missing response envelope data reports failure and recovers explicitly (33.4217ms)
✔ TM-024 characterization: zh missing comment data reports failure and recovers explicitly (31.2666ms)
✔ TM-024 characterization: zh non-array comment data reports failure and recovers explicitly (33.0811ms)
✔ TM-024 characterization: zh string comment count reports failure and recovers explicitly (30.5569ms)
✔ TM-024 characterization: zh invalid counter shape reports failure and recovers explicitly (38.9894ms)
✔ TM-024 characterization: en errno 503 reports failure and recovers explicitly (42.1618ms)
✔ TM-024 characterization: en rejected fetch (DNS/CORS-shaped) reports failure and recovers explicitly (39.54ms)
✔ TM-024 characterization: en invalid JSON reports failure and recovers explicitly (36.437ms)
✔ TM-024 characterization: en missing response envelope data reports failure and recovers explicitly (34.0563ms)
✔ TM-024 characterization: en missing comment data reports failure and recovers explicitly (27.7295ms)
✔ TM-024 characterization: en non-array comment data reports failure and recovers explicitly (19.0102ms)
✔ TM-024 characterization: en string comment count reports failure and recovers explicitly (20.3508ms)
✔ TM-024 characterization: en invalid counter shape reports failure and recovers explicitly (23.0239ms)
✔ TM-024 schema regression: negative count must fail before initialization and recover explicitly (26.5711ms)
✔ TM-024 schema regression: fractional count must fail before initialization and recover explicitly (33.3722ms)
✔ TM-024 schema regression: missing page must fail before initialization and recover explicitly (27.8182ms)
✔ TM-024 schema regression: missing pageSize must fail before initialization and recover explicitly (28.743ms)
✔ TM-024 schema regression: missing totalPages must fail before initialization and recover explicitly (22.6605ms)
✔ TM-024 schema regression: invalid page must fail before initialization and recover explicitly (24.5527ms)
✔ TM-024 schema regression: invalid pageSize must fail before initialization and recover explicitly (23.2958ms)
✔ TM-024 schema regression: invalid totalPages must fail before initialization and recover explicitly (32.9924ms)
✔ TM-003/TM-024 generated short open/fail/retry sequences preserve independent content and initialize at most once (8932.0342ms)
ℹ Generator v1 seed=20261005; samples=100; maximum attempts=4; maximum repeated opens=4; elapsed_ms=3613; stopped at sample cap; no counterexample
ℹ Generator v1 seed=20261006; samples=100; maximum attempts=4; maximum repeated opens=4; elapsed_ms=3350; stopped at sample cap; no counterexample
ℹ Generator v1 seed=20261007; samples=100; maximum attempts=4; maximum repeated opens=4; elapsed_ms=1968; stopped at sample cap; no counterexample
✔ TM-024 browser-counterexample replay: failed module URL needs a new explicit import key (18.0751ms)
✔ TM-024: API failure after a successful import reuses the successful module key (17.8139ms)
✔ TM-005 characterization: definite mock rejection retains draft and shows exact response (8.3213ms)
✔ TM-019: double click plus Ctrl/Meta+Enter during userAgent preparation sends once (4.5731ms)
✔ TM-019: missing nickname releases the lock without POST (3.8888ms)
✔ TM-019: invalid email releases the lock without POST (4.0601ms)
✔ TM-019: empty draft releases the lock without POST (3.0099ms)
✔ TM-019: invalid word count releases the lock without POST (3.3278ms)
✔ TM-019: forced login without a token releases the lock without POST (3.238ms)
✔ TM-019: userAgent rejection releases the operation and preserves draft (3.8299ms)
✔ TM-019: known mock response holds the lock through completion and then allows next operation (3.3836ms)
✔ TM-019/TM-005 deterministic sequence property: seed=20261005, cases=100 (333.3611ms)
✔ TM-019/TM-005 deterministic sequence property: seed=20261006, cases=100 (390.9023ms)
✔ TM-019/TM-005 deterministic sequence property: seed=20261007, cases=100 (335.3177ms)
✔ TM-005 adversarial: missing errmsg, zh-CN, preserves rejected draft without a success event (3.3237ms)
✔ TM-005 adversarial: missing errmsg, en-US, preserves rejected draft without a success event (6.2286ms)
✔ TM-005 adversarial: empty errmsg, zh-CN, preserves rejected draft without a success event (3.0421ms)
✔ TM-005 adversarial: empty errmsg, en-US, preserves rejected draft without a success event (2.7109ms)
✔ TM-019 adversarial UA non-Error rejection: null, zh-CN (3.0718ms)
✔ TM-019 adversarial UA non-Error rejection: null, en-US (3.1163ms)
✔ TM-019 adversarial UA non-Error rejection: undefined, zh-CN (2.9937ms)
✔ TM-019 adversarial UA non-Error rejection: undefined, en-US (2.6946ms)
✔ TM-019 adversarial UA non-Error rejection: UA preparation unavailable, zh-CN (2.9267ms)
✔ TM-019 adversarial UA non-Error rejection: UA preparation unavailable, en-US (2.6031ms)
✔ Waline patch reproduces exactly from the hash-locked official 3.15.2 bundle (14.4245ms)
ℹ tests 62
ℹ suites 0
ℹ pass 62
ℹ fail 0
ℹ cancelled 0
ℹ skipped 0
ℹ todo 0
ℹ duration_ms 10191.0668
