Start building sites … 
hugo v0.154.5-a6f99cca223a29cad1d4cdaa6a1a90508ac1da71+extended windows/amd64 BuildDate=2026-01-11T20:53:23Z VendorInfo=gohugoio


                  │ ZH - CN │ EN  
──────────────────┼─────────┼─────
 Pages            │     254 │ 253 
 Paginator pages  │      27 │  27 
 Non-page files   │       0 │   0 
 Static files     │     104 │ 104 
 Processed images │      37 │   0 
 Aliases          │     286 │  15 
 Cleaned          │       0 │   0 

Total in 6590 ms
Listing tests:
  [chromium] › analytics.spec.js:6:1 › TM-ANL-001 explains visits without promising UV or conversions
  [chromium] › analytics.spec.js:19:3 › TM-ANL-009 host boundary: mantou-blog.pages.dev
  [chromium] › analytics.spec.js:19:3 › TM-ANL-009 host boundary: manual-preview.mantou-blog.pages.dev
  [chromium] › analytics.spec.js:19:3 › TM-ANL-009 host boundary: mantou-blog.pages.dev.attacker.invalid
  [chromium] › analytics.spec.js:29:1 › TM-ANL-009 content backends do not include the public analytics integration
  [chromium] › analytics.spec.js:40:1 › TM-ANL-013 a normal new document retries loading without promising historic replay
  [chromium] › bilingual.spec.js:98:1 › 统计入口指向需要登录的 Cloudflare 后台
  [chromium] › portfolio.spec.js:371:1 › 非生产域名不会加载 Cloudflare 统计脚本
Total: 8 tests in 3 files
Prepared. E2E remains manual. Record: D:\mx\github\Maoxin1\mantou-blog-monitoring-plan\test-results\analytics-preparation.json
